// Jest Snapshot v1, https://goo.gl/fbAQLP

exports[`__interactive 1`] = `
<div
  style={
    Object {
      "margin": "60px",
    }
  }
>
  <Field
    border={true}
    color="rgba( 0, 0, 0, 0)"
    icon="person_outline"
    name="phone"
    placeholder="type something here"
    valid={true}
  >
    <label
      className="field icon"
      htmlFor="phone"
    >
      <i
        className="material-icons"
      >
        person_outline
      </i>
      <input
        autoComplete="off"
        className="input border"
        name="phone"
        placeholder="type something here"
        style={
          Object {
            "background": "rgba( 0, 0, 0, 0)",
          }
        }
      />
    </label>
  </Field>
</div>
`;
